"","filteredSample1_F_filt.fastq","filteredSample2_F_filt.fastq","filteredSample3_F_filt.fastq"
"ASV_1",8102,16291,35845
"ASV_2",9225,0,2532
"ASV_3",2265,456,8352
"ASV_4",8271,190,1082
"ASV_5",7038,0,0
"ASV_6",5254,245,694
"ASV_7",4474,857,840
"ASV_8",3376,0,2647
"ASV_9",0,5899,0
"ASV_10",4765,147,0
"ASV_11",0,4791,0
"ASV_12",2946,582,751
"ASV_13",3141,0,829
"ASV_14",3840,36,0
"ASV_15",0,3456,0
"ASV_16",0,3054,0
"ASV_17",0,3035,0
"ASV_18",1797,331,863
"ASV_19",1403,0,1588
"ASV_20",0,2860,0
"ASV_21",508,0,2209
"ASV_22",0,2665,0
"ASV_23",0,2480,0
"ASV_24",1168,365,932
"ASV_25",0,2447,0
"ASV_26",239,0,2207
"ASV_27",0,0,2374
"ASV_28",0,2322,0
"ASV_29",2296,0,0
"ASV_30",101,0,2055
"ASV_31",141,0,1980
"ASV_32",2005,0,0
"ASV_33",1856,0,0
"ASV_34",0,1847,0
"ASV_35",0,0,1815
"ASV_36",1723,0,54
"ASV_37",1385,0,348
"ASV_38",606,504,362
"ASV_39",0,1443,0
"ASV_40",0,0,1406
"ASV_41",0,0,1363
"ASV_42",1319,0,0
"ASV_43",0,0,1318
"ASV_44",1286,0,0
"ASV_45",59,436,741
"ASV_46",0,124,1107
"ASV_47",0,0,1230
"ASV_48",401,0,794
"ASV_49",948,220,0
"ASV_50",0,1163,0
"ASV_51",0,1127,0
"ASV_52",763,0,312
"ASV_53",0,1063,0
"ASV_54",0,0,1046
"ASV_55",0,1031,4
"ASV_56",0,0,1034
"ASV_57",0,1017,0
"ASV_58",0,0,984
"ASV_59",0,0,966
"ASV_60",0,0,924
"ASV_61",363,0,504
"ASV_62",0,309,549
"ASV_63",169,0,657
"ASV_64",0,800,0
"ASV_65",0,0,800
"ASV_66",0,795,0
"ASV_67",277,328,116
"ASV_68",0,698,0
"ASV_69",0,684,0
"ASV_70",0,679,0
"ASV_71",0,0,667
"ASV_72",0,645,0
"ASV_73",33,0,605
"ASV_74",0,617,0
"ASV_75",0,608,0
"ASV_76",0,591,0
"ASV_77",0,566,0
"ASV_78",0,565,0
"ASV_79",14,546,0
"ASV_80",0,553,0
"ASV_81",0,0,530
"ASV_82",0,512,0
"ASV_83",0,505,0
"ASV_84",0,504,0
"ASV_85",452,0,49
"ASV_86",492,0,0
"ASV_87",0,0,475
"ASV_88",0,466,0
"ASV_89",191,0,254
"ASV_90",0,442,0
"ASV_91",0,426,0
"ASV_92",0,0,418
"ASV_93",0,417,0
"ASV_94",412,0,0
"ASV_95",0,407,0
"ASV_96",0,0,386
"ASV_97",0,378,0
"ASV_98",0,0,359
"ASV_99",0,356,0
"ASV_100",347,0,0
"ASV_101",70,39,236
"ASV_102",328,0,0
"ASV_103",186,0,139
"ASV_104",212,0,109
"ASV_105",0,313,0
"ASV_106",0,311,0
"ASV_107",0,0,309
"ASV_108",86,0,219
"ASV_109",0,298,0
"ASV_110",0,288,0
"ASV_111",0,280,0
"ASV_112",0,0,278
"ASV_113",0,274,0
"ASV_114",0,267,0
"ASV_115",0,0,255
"ASV_116",0,241,0
"ASV_117",41,0,199
"ASV_118",0,239,0
"ASV_119",128,0,99
"ASV_120",99,0,120
"ASV_121",0,0,219
"ASV_122",0,217,0
"ASV_123",214,0,0
"ASV_124",0,213,0
"ASV_125",0,202,0
"ASV_126",0,195,0
"ASV_127",0,194,0
"ASV_128",0,0,191
"ASV_129",0,0,188
"ASV_130",0,0,182
"ASV_131",179,0,0
"ASV_132",0,178,0
"ASV_133",0,176,0
"ASV_134",0,0,176
"ASV_135",0,169,0
"ASV_136",0,168,0
"ASV_137",0,0,168
"ASV_138",0,0,168
"ASV_139",0,0,165
"ASV_140",0,0,159
"ASV_141",0,0,158
"ASV_142",154,0,0
"ASV_143",0,147,0
"ASV_144",145,0,0
"ASV_145",0,144,0
"ASV_146",0,143,0
"ASV_147",0,142,0
"ASV_148",0,140,0
"ASV_149",0,0,136
"ASV_150",0,0,133
"ASV_151",0,131,0
"ASV_152",129,0,0
"ASV_153",125,0,0
"ASV_154",0,0,116
"ASV_155",4,0,111
"ASV_156",0,115,0
"ASV_157",0,109,0
"ASV_158",0,50,58
"ASV_159",0,0,105
"ASV_160",0,0,102
"ASV_161",0,0,101
"ASV_162",0,0,99
"ASV_163",0,97,0
"ASV_164",96,0,0
"ASV_165",0,0,96
"ASV_166",0,0,89
"ASV_167",0,88,0
"ASV_168",84,0,0
"ASV_169",84,0,0
"ASV_170",0,0,82
"ASV_171",80,0,0
"ASV_172",0,80,0
"ASV_173",0,80,0
"ASV_174",0,0,80
"ASV_175",71,0,0
"ASV_176",0,0,71
"ASV_177",0,0,70
"ASV_178",0,0,70
"ASV_179",0,67,0
"ASV_180",64,0,0
"ASV_181",0,63,0
"ASV_182",0,61,0
"ASV_183",7,0,53
"ASV_184",59,0,0
"ASV_185",0,0,59
"ASV_186",0,56,0
"ASV_187",0,56,0
"ASV_188",0,55,0
"ASV_189",0,53,0
"ASV_190",0,53,0
"ASV_191",52,0,0
"ASV_192",51,0,0
"ASV_193",51,0,0
"ASV_194",0,0,51
"ASV_195",0,0,50
"ASV_196",49,0,0
"ASV_197",0,47,0
"ASV_198",42,0,0
"ASV_199",41,0,0
"ASV_200",0,40,0
"ASV_201",0,39,0
"ASV_202",0,0,38
"ASV_203",0,0,38
"ASV_204",0,0,36
"ASV_205",0,35,0
"ASV_206",14,0,20
"ASV_207",0,0,34
"ASV_208",0,0,34
"ASV_209",0,32,0
"ASV_210",0,0,32
"ASV_211",0,29,0
"ASV_212",0,24,0
"ASV_213",0,23,0
"ASV_214",0,0,21
"ASV_215",16,0,0
"ASV_216",16,0,0
"ASV_217",0,16,0
"ASV_218",0,0,16
"ASV_219",0,15,0
"ASV_220",0,14,0
"ASV_221",0,14,0
"ASV_222",13,0,0
"ASV_223",0,12,0
"ASV_224",0,0,12
"ASV_225",0,11,0
"ASV_226",9,0,0
"ASV_227",0,9,0
"ASV_228",0,9,0
"ASV_229",5,0,0
"ASV_230",5,0,0
"ASV_231",0,0,4
